GopherCAN.c:1356:6:do_nothing	0	static
GopherCAN.c:703:11:tx_can_message	8	static
GopherCAN.c:967:13:build_message_id.isra.0	12	static
GopherCAN.c:1020:11:send_error_message	32	static
GopherCAN.c:85:4:init_can	64	static
GopherCAN.c:183:6:set_all_params_state	0	static
GopherCAN.c:322:4:request_parameter	32	static
GopherCAN.c:371:4:send_can_command	40	static
GopherCAN.c:419:4:send_parameter	48	static
GopherCAN.c:514:4:add_custom_can_func	12	static
GopherCAN.c:543:4:mod_custom_can_func_state	0	static
GopherCAN.c:565:6:service_can_tx_hardware	48	static
GopherCAN.c:631:6:service_can_rx_hardware	64	static
GopherCAN.c:297:6:HAL_CAN_RxFifo0MsgPendingCallback	0	static
GopherCAN.c:306:6:HAL_CAN_RxFifo1MsgPendingCallback	0	static
GopherCAN.c:679:4:service_can_rx_buffer	40	static
GopherCAN.c:1095:6:HAL_CAN_TxMailbox0CompleteCallback	0	static
GopherCAN.c:1100:6:HAL_CAN_TxMailbox1CompleteCallback	0	static
GopherCAN.c:1105:6:HAL_CAN_TxMailbox2CompleteCallback	0	static
GopherCAN.c:1110:6:HAL_CAN_TxMailbox0AbortCallback	0	static
GopherCAN.c:1115:6:HAL_CAN_TxMailbox1AbortCallback	0	static
GopherCAN.c:1120:6:HAL_CAN_TxMailbox2AbortCallback	0	static
